```
Classroom(building, room_number, capacity)

Department(dept_name, building, budget)

Course(course_id, title, dept_name, credits学分)课程信息

Instructor(ID, name, dept_name, salary)教员信息登记

Section(course_id, sec_id, semester, year, building, room_number, time_slot_id)开课信息

Teaches(ID, course_id, sec_id, semester, year)授课信息

Student(ID, name, dept_name, tot_cred学分)

Takes(ID, course_id, sec_id, semester, year, grade)选课信息

Advisor(s_ID, i_ID)辅导员信息

Time_slot(time_slot_id, day, start_time, end_time)
```


3.1 G． 找出2009年秋季拥有最多选课人数的课程段：感觉可以不用嵌套，但是没想出来
```
mysql> select time_slot_id
    -> from section
    -> where (room_number, time_slot_id) in( select max(room_number),time_slot_id)
    -> from section
    -> where year = 2009 and semester = 'Fall');
ERROR 1064 (42000): You have an error in your SQL syntax; check the manual that corresponds to your MySQL server version for the right syntax to use near 'from section
where year = 2009 and semester = 'Fall')' at line 4



mysql> select time_slot_id
    -> from section
    -> where room_number in (select max(room_number)
    ->                          from section
    ->                          where year = 2009 and semester = 'Fall');
+--------------+
| time_slot_id |
+--------------+
| D            |
| O            |
| C            |
| I            |
| P            |
| E            |
+--------------+
6 rows in set (0.00 sec)

```
3.2 假设给你一个关系grade_points(grad_e,points),他提供从takes关系中用字母表示的成绩等级到数字表示的得分之间的转换。例如，“A”等级可指定为对应于4分，“A-”对应于3.7分，“B+”对应于3.3分，“B”对应于3分，等等。学生在某门课程（课程段）上所获取的等级分值被定义为该课程段的学分乘以该生得到的成绩等级所对应的数字表示的得分。
```
mysql> create table grade_points
    ->  (grad_e    varchar(2),
    ->  points     numeric(3,1),
    ->  primary key (grad_e) );
Query OK, 0 rows affected (0.04 sec)

mysql> insert into grade_points
    ->   values('A',4.0);
Query OK, 1 row affected (0.00 sec)

mysql> insert into grade_points values('A-',3.7);
Query OK, 1 row affected (0.00 sec)

mysql>     insert into grade_points values ('B+',3.3);
Query OK, 1 row affected (0.00 sec)

mysql>     insert into grade_points values ('B',3.0);
Query OK, 1 row affected (0.00 sec)

mysql>     insert into grade_points values ('B-',2.7);
Query OK, 1 row affected (0.00 sec)

```
完成如下：

```
mysql> desc grade_points;
+--------+--------------+------+-----+---------+-------+
| Field  | Type         | Null | Key | Default | Extra |
+--------+--------------+------+-----+---------+-------+
| grad_e | varchar(2)   | NO   | PRI | NULL    |       |
| points | decimal(3,1) | YES  |     | NULL    |       |
+--------+--------------+------+-----+---------+-------+
2 rows in set (0.00 sec)

mysql> select *
    -> from grade_points;
+--------+--------+
| grad_e | points |
+--------+--------+
| A      |    4.0 |
| A-     |    3.7 |
| B      |    3.0 |
| B+     |    3.3 |
| B-     |    2.7 |
+--------+--------+
5 rows in set (0.00 sec)
```
a.根据ID为12345(12345不存在，改为4860)的学生所选修的所有课程，找出该生所获得等级分值的总和

```
mysql> select sum(credits * points)
    -> from takes natural join course natural join grade_points
    -> where ID =4860;
+-----------------------+
| sum(credits * points) |
+-----------------------+
|                 734.8 |
+-----------------------+
1 row in set (0.01 sec)
```
b. 找出上述学生等级分值的平均值(GPA),即用改等级分值的总和除以相关课程学分的总和
```
mysql> select sum(credits * points)/sum(credits)
    -> from takes natural join course natural join grade_points
    -> where ID =4860;
+------------------------------------+
| sum(credits * points)/sum(credits) |
+------------------------------------+
|                            3.34000 |
+------------------------------------+
1 row in set (0.01 sec)
```
c.找出每个学生的ID和等级分值得平均值

```
mysql> select  sum(credits * points) /sum(credits) AS GPA
    ->       from takes natural join course natural join grade_points
    ->      group by ID;
+---------+
| GPA     |
+---------+
| 3.34000 |
| 3.34000 |
| 3.34000 |
........
```

